// Jest Snapshot v1, https://goo.gl/fbAQLP

exports[`Modal Component should render the Modal successfully 1`] = `
<div
  className="modal modal--closed"
>
  <div
    className="modal__header"
  >
    <span>
      Test Modal
    </span>
    <span
      className="modal__close"
      onClick={[Function]}
    >
      Ã—
    </span>
  </div>
  <div
    className="modal__content"
  />
</div>
`;
