// Jest Snapshot v1, https://goo.gl/fbAQLP

exports[`Body Component should render the body successfully 1`] = `
<group>
  <mesh
    rotation={
      Euler {
        "_order": "XYZ",
        "_x": 1,
        "_y": 1,
        "_z": 1,
      }
    }
  >
    <TextureContainer />
    <sphereGeometry
      heightSegments={32}
      radius={100}
      widthSegments={32}
    />
  </mesh>
  <axisHelper
    rotation={
      Euler {
        "_order": "XYZ",
        "_x": 1,
        "_y": 1,
        "_z": 1,
      }
    }
    size={200}
  />
</group>
`;
