// Jest Snapshot v1, https://goo.gl/fbAQLP

exports[`Play/Pause Button Component should render the PlayPause button successfully 1`] = `
<div
  className="play-pause"
  onClick={[Function]}
>
  <span
    className="play-pause__button play-pause__button--paused"
  />
</div>
`;
