// Jest Snapshot v1, https://goo.gl/fbAQLP

exports[`Orbital Component render() should render the orbital successfully 1`] = `
<group
  rotation={Object {}}
>
  <group
    rotation={Object {}}
  >
    <group
      name="testOrbital"
      position={Object {}}
    >
      <Body
        radius={1}
        rotation={Object {}}
      />
    </group>
    <line
      key="path-testOrbital-undefined"
    >
      <lineBasicMaterial
        transparent={true}
      />
      <geometry
        vertices={Array []}
      />
    </line>
  </group>
</group>
`;
