// Jest Snapshot v1, https://goo.gl/fbAQLP

exports[`Label Component renders correctly 1`] = `
<span
  style={null}
>
  foo
</span>
`;
