// Jest Snapshot v1, https://goo.gl/fbAQLP

exports[`UIControls Component render() should render the UIControls successfully 1`] = `
<div
  className="uicontrols uicontrols--disabled"
>
  <div
    className="uicontrols__control uicontrols__control--scales"
  >
    <Settings
      openModal={[Function]}
      pageText={Object {}}
    />
  </div>
  <div
    className="uicontrols__control uicontrols__control--target-label"
  >
    <span
      className="uicontrols__control uicontrols__control--stats-modal"
      onClick={[Function]}
    />
  </div>
  <div
    className="uicontrols__control uicontrols__control--datetime"
  >
    <DatePickerContainer />
    <Connect(PlayPauseContainer) />
  </div>
  <div
    className="uicontrols__control uicontrols__control--left-bar"
  >
    <div
      className="uicontrols__button uicontrols__button--about-modal"
      onClick={[Function]}
    />
    <ZoomSlider />
    <div
      className="uicontrols__button"
    />
  </div>
</div>
`;
