// Jest Snapshot v1, https://goo.gl/fbAQLP

exports[`TourLabel Component render() should render the app successfully 1`] = `
<div
  className="tour-label"
>
  <span
    className="
          tour-label__text
          tour-label__text--hide"
  >
    Hello, world
  </span>
</div>
`;
