// Jest Snapshot v1, https://goo.gl/fbAQLP

exports[`Main Entry should render without crashing 1`] = `undefined`;
