// Jest Snapshot v1, https://goo.gl/fbAQLP

exports[`Scale Slider Component render() should successfully render the slider 1`] = `
<div>
  <div
    className="slider slider--horizontal"
  >
    <span
      className="slider__label"
    >
      <span>
        Test Slider
        : Ã— 10
      </span>
      <sup>
        40
      </sup>
    </span>
    <Slider
      max={10}
      min={0}
      onChange={[Function]}
      orientation="horizontal"
      value={40}
    />
  </div>
</div>
`;
