// Jest Snapshot v1, https://goo.gl/fbAQLP

exports[`Settings Component render() should render the settings component 1`] = `
<div
  className="settings-panel "
>
  <div
    className="settings-panel__header"
  >
    <div
      className="settings-panel__title"
    />
    <div
      className="settings-panel__hamburger "
    >
      <span />
      <span />
      <span />
    </div>
  </div>
  <div
    className="settings-panel__content "
  >
    <ScaleSlider
      max={10}
      min={0}
    />
    <br />
    <ScaleSlider
      max={10}
      min={1}
    />
    <br />
    <br />
  </div>
</div>
`;
