// Jest Snapshot v1, https://goo.gl/fbAQLP

exports[`App Component render() should render the app successfully 1`] = `
<div>
  <Connect(SceneContainer)
    height={768}
    onAnimate={[Function]}
    width={1024}
  />
  <Connect(UIControlsContainer) />
  <Connect(LoaderContainer) />
  <Connect(TourContainer)
    labels={
      Array [
        Object {
          "duration": 1000,
          "text": "Welcome to the Solar System",
        },
        Object {
          "duration": 1000,
          "text": "This is a real-time interactive simulation of major planetary bodies",
        },
        Object {
          "duration": 1000,
          "text": "Let's start exploring",
        },
      ]
    }
  />
  <Connect(ModalContainer)
    type="STATS_MODAL"
  >
    <Connect(StatsContainer) />
  </Connect(ModalContainer)>
</div>
`;
