// Jest Snapshot v1, https://goo.gl/fbAQLP

exports[`Markdown Component should render the markdown container successfully 1`] = `
<div
  className="markdown"
>
  <ReactMarkdown
    containerTagName="div"
    parserOptions={Object {}}
    source="Hello, world!"
  />
</div>
`;
