// Jest Snapshot v1, https://goo.gl/fbAQLP

exports[`App Container render() should render the app successfully 1`] = `
<NoWebGL
  pageText={Object {}}
/>
`;

exports[`App Container render() should render the splash screen if orbitalData is undefined 1`] = `<SplashScreen />`;

exports[`App Container render() should render the splash screen if pageText is undefined 1`] = `<SplashScreen />`;
