// Jest Snapshot v1, https://goo.gl/fbAQLP

exports[`Camera Container render() should render the scene container successfully 1`] = `
<group
  position={
    Object {
      "x": 1,
      "y": 1,
      "z": 1,
    }
  }
>
  <perspectiveCamera
    aspect={1.3333333333333333}
    far={10000}
    fov={50}
    name="camera"
    near={1}
    position={
      Vector3 {
        "x": 300,
        "y": 300,
        "z": 300,
      }
    }
  />
</group>
`;
