// Jest Snapshot v1, https://goo.gl/fbAQLP

exports[`Camera Container render() should render the scene container successfully 1`] = `
<group>
  <perspectiveCamera
    aspect={1.5}
    far={10000}
    fov={50}
    name="camera"
    near={1}
    position={
      Vector3 {
        "add": [Function],
        "addScalar": [Function],
        "addScaledVector": [Function],
        "addVectors": [Function],
        "angleTo": [Function],
        "applyAxisAngle": [Function],
        "applyEuler": [Function],
        "applyMatrix3": [Function],
        "applyMatrix4": [Function],
        "applyProjection": [Function],
        "applyQuaternion": [Function],
        "ceil": [Function],
        "clamp": [Function],
        "clampLength": [Function],
        "clampScalar": [Function],
        "clone": [Function],
        "constructor": [Function],
        "copy": [Function],
        "cross": [Function],
        "crossVectors": [Function],
        "distanceTo": [Function],
        "distanceToManhattan": [Function],
        "distanceToSquared": [Function],
        "divide": [Function],
        "divideScalar": [Function],
        "dot": [Function],
        "equals": [Function],
        "floor": [Function],
        "fromArray": [Function],
        "fromAttribute": [Function],
        "fromBufferAttribute": [Function],
        "getColumnFromMatrix": [Function],
        "getComponent": [Function],
        "getPositionFromMatrix": [Function],
        "getScaleFromMatrix": [Function],
        "isVector3": true,
        "length": [Function],
        "lengthManhattan": [Function],
        "lengthSq": [Function],
        "lerp": [Function],
        "lerpVectors": [Function],
        "max": [Function],
        "min": [Function],
        "multiply": [Function],
        "multiplyScalar": [Function],
        "multiplyVectors": [Function],
        "negate": [Function],
        "normalize": [Function],
        "project": [Function],
        "projectOnPlane": [Function],
        "projectOnVector": [Function],
        "reflect": [Function],
        "round": [Function],
        "roundToZero": [Function],
        "set": [Function],
        "setComponent": [Function],
        "setEulerFromQuaternion": [Function],
        "setEulerFromRotationMatrix": [Function],
        "setFromCylindrical": [Function],
        "setFromMatrixColumn": [Function],
        "setFromMatrixPosition": [Function],
        "setFromMatrixScale": [Function],
        "setFromSpherical": [Function],
        "setLength": [Function],
        "setScalar": [Function],
        "setX": [Function],
        "setY": [Function],
        "setZ": [Function],
        "sub": [Function],
        "subScalar": [Function],
        "subVectors": [Function],
        "toArray": [Function],
        "transformDirection": [Function],
        "unproject": [Function],
        "x": 300,
        "y": 300,
        "z": 300,
      }
    }
  />
</group>
`;
