// Jest Snapshot v1, https://goo.gl/fbAQLP

exports[`Modal Container render() should render the app successfully 1`] = `
<Modal
  closeModal={[Function]}
  description="Hello, *world*!"
/>
`;
