// Jest Snapshot v1, https://goo.gl/fbAQLP

exports[`Stats Container render() should render the modal successfully 1`] = `
<Stats
  time="Invalid date"
/>
`;
