// Jest Snapshot v1, https://goo.gl/fbAQLP

exports[`Texture Container getTextures() should set each entry to be a texture component 1`] = `undefined`;

exports[`Texture Container render() should render the texture container successfully 1`] = `
<meshLambertMaterial
  color={16777215}
/>
`;
