// Jest Snapshot v1, https://goo.gl/fbAQLP

exports[`App Container render() should render the app successfully 1`] = `
<TourLabel
  modifier="hide"
  text="Hello, world"
/>
`;
