// Jest Snapshot v1, https://goo.gl/fbAQLP

exports[`App Component render() should render the app successfully 1`] = `
<div>
  <Connect(SceneContainer)
    height={768}
    onAnimate={[Function]}
    orbitalData={Array []}
    perspective={false}
    time={1}
    updateScreenPosition={[Function]}
    width={1024}
  />
  <LabelGroup
    orbitalData={Array []}
    positions={Object {}}
  />
  <Connect(UIControlsContainer)
    time={1}
  />
</div>
`;
