// Jest Snapshot v1, https://goo.gl/fbAQLP

exports[`Label Component should render the LabelGroup successfully 1`] = `
<div>
  <Label
    text="Dummy Outer"
  />
  <Label
    text="Dummy Planet"
  >
    <Label
      text="Dummy Satellite"
    />
  </Label>
</div>
`;
