// Jest Snapshot v1, https://goo.gl/fbAQLP

exports[`Skybox Component render() should render the Skybox successfully 1`] = `
<mesh>
  <TextureContainer
    textures={
      Array [
        Object {
          "url": "milkyway.jpg",
        },
      ]
    }
  />
  <sphereGeometry
    heightSegments={32}
    radius={700}
    widthSegments={32}
  />
</mesh>
`;
