// Jest Snapshot v1, https://goo.gl/fbAQLP

exports[`The Sun render() should render the Sun 1`] = `
<group>
  <pointLight
    color={16777215}
    distance={20000}
    intensity={0.95}
  />
</group>
`;
